---
source: crates/oxc_formatter/tests/fixtures/mod.rs
---
==================== Input ====================
TelemetryTrustedValue(
  instance.capabilities.get(
    TerminalCapability?.PromptTypeDetection
  )?.promptType
)

new TelemetryTrustedValue(
  instance.capabilities.get(
    TerminalCapability?.PromptTypeDetection
  )?.promptType
)
==================== Output ====================
TelemetryTrustedValue(
  instance.capabilities.get(TerminalCapability?.PromptTypeDetection)
    ?.promptType,
);

new TelemetryTrustedValue(
  instance.capabilities.get(
    TerminalCapability?.PromptTypeDetection,
  )?.promptType,
);

===================== End =====================
