---
source: crates/oxc_formatter/tests/fixtures/mod.rs
---
==================== Input ====================
this._position = this._editor
  ._getViewModel()
  ?.getPrimaryCursorState().modelState.position;

==================== Output ====================
this._position = this._editor
  ._getViewModel()
  ?.getPrimaryCursorState().modelState.position;

===================== End =====================
