---
source: apps/oxlint/src/tester.rs
---
########## 
arguments: --type-aware test.svelte
working directory: fixtures/tsgolint
----------
Failed to find tsgolint executable----------
CLI result: TsGoLintError
----------
