---
source: apps/oxlint/src/tester.rs
---
########## 
arguments: --type-aware --silent no-floating-promises
working directory: fixtures/tsgolint
----------
Failed to find tsgolint executable----------
CLI result: TsGoLintError
----------
