---
source: apps/oxlint/src/tester.rs
---
########## 
arguments: --type-aware no-floating-promises -c config-test.json
working directory: fixtures/tsgolint
----------
Failed to find tsgolint executable----------
CLI result: TsGoLintError
----------
