---
source: crates/oxc_formatter/tests/fixtures/mod.rs
---
==================== Input ====================
options = BracketMatchingControllerLONGLONGLONG._DECORATION_OPTIONS_WITHOUT_OVERVIEW_RULER;

==================== Output ====================
options =
  BracketMatchingControllerLONGLONGLONG._DECORATION_OPTIONS_WITHOUT_OVERVIEW_RULER;

===================== End =====================
