---
source: crates/oxc_formatter/tests/fixtures/mod.rs
---
==================== Input ====================
const defaultColorDecoratorsEnablement = accessor
  .get(IConfigurationService)
  .getValue<'auto' | 'always' | 'never'>('longlonglonglonglonglonglonglonglong');

==================== Output ====================
const defaultColorDecoratorsEnablement = accessor
  .get(IConfigurationService)
  .getValue<
    "auto" | "always" | "never"
  >("longlonglonglonglonglonglonglonglong");

===================== End =====================
